// Jest Snapshot v1, https://goo.gl/fbAQLP

exports[`RobotContainer should match the snapshot 1`] = `
ShallowWrapper {
  "length": 1,
  Symbol(enzyme.__root__): [Circular],
  Symbol(enzyme.__unrendered__): <RobotContainer
    removeRobot={[Function]}
    robots={
        Array [
            Object {
              "current_name": "R2-D2",
              "date_added": "5/21/2018",
              "first_active": "5/21/2018",
              "height": 3.25,
              "id": 1,
              "intelligence_metric": 18,
              "weight": 200,
            },
            Object {
              "current_name": "Bender",
              "date_added": "5/20/2018",
              "first_active": "5/20/2018",
              "height": 6.1,
              "id": 2,
              "intelligence_metric": 14,
              "weight": 250,
            },
          ]
    }
    triggerForm={[Function]}
/>,
  Symbol(enzyme.__renderer__): Object {
    "batchedUpdates": [Function],
    "getNode": [Function],
    "render": [Function],
    "simulateEvent": [Function],
    "unmount": [Function],
  },
  Symbol(enzyme.__node__): Object {
    "instance": null,
    "key": undefined,
    "nodeType": "host",
    "props": Object {
      "children": Array [
        <button
          className="add-robot"
          onClick={[Function]}
>
          Add Robot
</button>,
        <div
          className="card-container"
>
          <article
                    className="robot-card"
          >
                    <ul
                              className="robot-card__list even"
                    >
                              <li
                                        className="robot-card__list--list-item"
                              >
                                        Name:
                              </li>
                              <li
                                        className="robot-card__list--list-item"
                              >
                                        Height (feet):
                              </li>
                              <li
                                        className="robot-card__list--list-item"
                              >
                                        Weight (pounds):
                              </li>
                              <li
                                        className="robot-card__list--list-item"
                              >
                                        Intelligence (1 - 20):
                              </li>
                              <li
                                        className="robot-card__list--list-item"
                              >
                                        Date Added:
                              </li>
                              <li
                                        className="robot-card__list--list-item"
                              >
                                        First Active:
                              </li>
                    </ul>
          </article>
          <RobotCard
                    classType=""
                    removeRobot={[Function]}
                    robot={
                              Object {
                                        "current_name": "R2-D2",
                                        "date_added": "5/21/2018",
                                        "first_active": "5/21/2018",
                                        "height": 3.25,
                                        "id": 1,
                                        "intelligence_metric": 18,
                                        "weight": 200,
                                      }
                    }
                    triggerForm={[Function]}
          />
          <RobotCard
                    classType="even"
                    removeRobot={[Function]}
                    robot={
                              Object {
                                        "current_name": "Bender",
                                        "date_added": "5/20/2018",
                                        "first_active": "5/20/2018",
                                        "height": 6.1,
                                        "id": 2,
                                        "intelligence_metric": 14,
                                        "weight": 250,
                                      }
                    }
                    triggerForm={[Function]}
          />
</div>,
      ],
      "className": "App__robot-container",
    },
    "ref": null,
    "rendered": Array [
      Object {
        "instance": null,
        "key": undefined,
        "nodeType": "host",
        "props": Object {
          "children": "Add Robot",
          "className": "add-robot",
          "onClick": [Function],
        },
        "ref": null,
        "rendered": "Add Robot",
        "type": "button",
      },
      Object {
        "instance": null,
        "key": undefined,
        "nodeType": "host",
        "props": Object {
          "children": Array [
            <article
              className="robot-card"
>
              <ul
                            className="robot-card__list even"
              >
                            <li
                                          className="robot-card__list--list-item"
                            >
                                          Name:
                            </li>
                            <li
                                          className="robot-card__list--list-item"
                            >
                                          Height (feet):
                            </li>
                            <li
                                          className="robot-card__list--list-item"
                            >
                                          Weight (pounds):
                            </li>
                            <li
                                          className="robot-card__list--list-item"
                            >
                                          Intelligence (1 - 20):
                            </li>
                            <li
                                          className="robot-card__list--list-item"
                            >
                                          Date Added:
                            </li>
                            <li
                                          className="robot-card__list--list-item"
                            >
                                          First Active:
                            </li>
              </ul>
</article>,
            Array [
              <RobotCard
                classType=""
                removeRobot={[Function]}
                robot={
                                Object {
                                                "current_name": "R2-D2",
                                                "date_added": "5/21/2018",
                                                "first_active": "5/21/2018",
                                                "height": 3.25,
                                                "id": 1,
                                                "intelligence_metric": 18,
                                                "weight": 200,
                                              }
                }
                triggerForm={[Function]}
/>,
              <RobotCard
                classType="even"
                removeRobot={[Function]}
                robot={
                                Object {
                                                "current_name": "Bender",
                                                "date_added": "5/20/2018",
                                                "first_active": "5/20/2018",
                                                "height": 6.1,
                                                "id": 2,
                                                "intelligence_metric": 14,
                                                "weight": 250,
                                              }
                }
                triggerForm={[Function]}
/>,
            ],
          ],
          "className": "card-container",
        },
        "ref": null,
        "rendered": Array [
          Object {
            "instance": null,
            "key": undefined,
            "nodeType": "host",
            "props": Object {
              "children": <ul
                className="robot-card__list even"
>
                <li
                                className="robot-card__list--list-item"
                >
                                Name:
                </li>
                <li
                                className="robot-card__list--list-item"
                >
                                Height (feet):
                </li>
                <li
                                className="robot-card__list--list-item"
                >
                                Weight (pounds):
                </li>
                <li
                                className="robot-card__list--list-item"
                >
                                Intelligence (1 - 20):
                </li>
                <li
                                className="robot-card__list--list-item"
                >
                                Date Added:
                </li>
                <li
                                className="robot-card__list--list-item"
                >
                                First Active:
                </li>
</ul>,
              "className": "robot-card",
            },
            "ref": null,
            "rendered": Object {
              "instance": null,
              "key": undefined,
              "nodeType": "host",
              "props": Object {
                "children": Array [
                  <li
                    className="robot-card__list--list-item"
>
                    Name:
</li>,
                  <li
                    className="robot-card__list--list-item"
>
                    Height (feet):
</li>,
                  <li
                    className="robot-card__list--list-item"
>
                    Weight (pounds):
</li>,
                  <li
                    className="robot-card__list--list-item"
>
                    Intelligence (1 - 20):
</li>,
                  <li
                    className="robot-card__list--list-item"
>
                    Date Added:
</li>,
                  <li
                    className="robot-card__list--list-item"
>
                    First Active:
</li>,
                ],
                "className": "robot-card__list even",
              },
              "ref": null,
              "rendered": Array [
                Object {
                  "instance": null,
                  "key": undefined,
                  "nodeType": "host",
                  "props": Object {
                    "children": "Name:",
                    "className": "robot-card__list--list-item",
                  },
                  "ref": null,
                  "rendered": "Name:",
                  "type": "li",
                },
                Object {
                  "instance": null,
                  "key": undefined,
                  "nodeType": "host",
                  "props": Object {
                    "children": "Height (feet):",
                    "className": "robot-card__list--list-item",
                  },
                  "ref": null,
                  "rendered": "Height (feet):",
                  "type": "li",
                },
                Object {
                  "instance": null,
                  "key": undefined,
                  "nodeType": "host",
                  "props": Object {
                    "children": "Weight (pounds):",
                    "className": "robot-card__list--list-item",
                  },
                  "ref": null,
                  "rendered": "Weight (pounds):",
                  "type": "li",
                },
                Object {
                  "instance": null,
                  "key": undefined,
                  "nodeType": "host",
                  "props": Object {
                    "children": "Intelligence (1 - 20):",
                    "className": "robot-card__list--list-item",
                  },
                  "ref": null,
                  "rendered": "Intelligence (1 - 20):",
                  "type": "li",
                },
                Object {
                  "instance": null,
                  "key": undefined,
                  "nodeType": "host",
                  "props": Object {
                    "children": "Date Added:",
                    "className": "robot-card__list--list-item",
                  },
                  "ref": null,
                  "rendered": "Date Added:",
                  "type": "li",
                },
                Object {
                  "instance": null,
                  "key": undefined,
                  "nodeType": "host",
                  "props": Object {
                    "children": "First Active:",
                    "className": "robot-card__list--list-item",
                  },
                  "ref": null,
                  "rendered": "First Active:",
                  "type": "li",
                },
              ],
              "type": "ul",
            },
            "type": "article",
          },
          Object {
            "instance": null,
            "key": "1",
            "nodeType": "function",
            "props": Object {
              "classType": "",
              "removeRobot": [Function],
              "robot": Object {
                "current_name": "R2-D2",
                "date_added": "5/21/2018",
                "first_active": "5/21/2018",
                "height": 3.25,
                "id": 1,
                "intelligence_metric": 18,
                "weight": 200,
              },
              "triggerForm": [Function],
            },
            "ref": null,
            "rendered": null,
            "type": [Function],
          },
          Object {
            "instance": null,
            "key": "2",
            "nodeType": "function",
            "props": Object {
              "classType": "even",
              "removeRobot": [Function],
              "robot": Object {
                "current_name": "Bender",
                "date_added": "5/20/2018",
                "first_active": "5/20/2018",
                "height": 6.1,
                "id": 2,
                "intelligence_metric": 14,
                "weight": 250,
              },
              "triggerForm": [Function],
            },
            "ref": null,
            "rendered": null,
            "type": [Function],
          },
        ],
        "type": "div",
      },
    ],
    "type": "section",
  },
  Symbol(enzyme.__nodes__): Array [
    Object {
      "instance": null,
      "key": undefined,
      "nodeType": "host",
      "props": Object {
        "children": Array [
          <button
            className="add-robot"
            onClick={[Function]}
>
            Add Robot
</button>,
          <div
            className="card-container"
>
            <article
                        className="robot-card"
            >
                        <ul
                                    className="robot-card__list even"
                        >
                                    <li
                                                className="robot-card__list--list-item"
                                    >
                                                Name:
                                    </li>
                                    <li
                                                className="robot-card__list--list-item"
                                    >
                                                Height (feet):
                                    </li>
                                    <li
                                                className="robot-card__list--list-item"
                                    >
                                                Weight (pounds):
                                    </li>
                                    <li
                                                className="robot-card__list--list-item"
                                    >
                                                Intelligence (1 - 20):
                                    </li>
                                    <li
                                                className="robot-card__list--list-item"
                                    >
                                                Date Added:
                                    </li>
                                    <li
                                                className="robot-card__list--list-item"
                                    >
                                                First Active:
                                    </li>
                        </ul>
            </article>
            <RobotCard
                        classType=""
                        removeRobot={[Function]}
                        robot={
                                    Object {
                                                "current_name": "R2-D2",
                                                "date_added": "5/21/2018",
                                                "first_active": "5/21/2018",
                                                "height": 3.25,
                                                "id": 1,
                                                "intelligence_metric": 18,
                                                "weight": 200,
                                              }
                        }
                        triggerForm={[Function]}
            />
            <RobotCard
                        classType="even"
                        removeRobot={[Function]}
                        robot={
                                    Object {
                                                "current_name": "Bender",
                                                "date_added": "5/20/2018",
                                                "first_active": "5/20/2018",
                                                "height": 6.1,
                                                "id": 2,
                                                "intelligence_metric": 14,
                                                "weight": 250,
                                              }
                        }
                        triggerForm={[Function]}
            />
</div>,
        ],
        "className": "App__robot-container",
      },
      "ref": null,
      "rendered": Array [
        Object {
          "instance": null,
          "key": undefined,
          "nodeType": "host",
          "props": Object {
            "children": "Add Robot",
            "className": "add-robot",
            "onClick": [Function],
          },
          "ref": null,
          "rendered": "Add Robot",
          "type": "button",
        },
        Object {
          "instance": null,
          "key": undefined,
          "nodeType": "host",
          "props": Object {
            "children": Array [
              <article
                className="robot-card"
>
                <ul
                                className="robot-card__list even"
                >
                                <li
                                                className="robot-card__list--list-item"
                                >
                                                Name:
                                </li>
                                <li
                                                className="robot-card__list--list-item"
                                >
                                                Height (feet):
                                </li>
                                <li
                                                className="robot-card__list--list-item"
                                >
                                                Weight (pounds):
                                </li>
                                <li
                                                className="robot-card__list--list-item"
                                >
                                                Intelligence (1 - 20):
                                </li>
                                <li
                                                className="robot-card__list--list-item"
                                >
                                                Date Added:
                                </li>
                                <li
                                                className="robot-card__list--list-item"
                                >
                                                First Active:
                                </li>
                </ul>
</article>,
              Array [
                <RobotCard
                  classType=""
                  removeRobot={[Function]}
                  robot={
                                    Object {
                                                      "current_name": "R2-D2",
                                                      "date_added": "5/21/2018",
                                                      "first_active": "5/21/2018",
                                                      "height": 3.25,
                                                      "id": 1,
                                                      "intelligence_metric": 18,
                                                      "weight": 200,
                                                    }
                  }
                  triggerForm={[Function]}
/>,
                <RobotCard
                  classType="even"
                  removeRobot={[Function]}
                  robot={
                                    Object {
                                                      "current_name": "Bender",
                                                      "date_added": "5/20/2018",
                                                      "first_active": "5/20/2018",
                                                      "height": 6.1,
                                                      "id": 2,
                                                      "intelligence_metric": 14,
                                                      "weight": 250,
                                                    }
                  }
                  triggerForm={[Function]}
/>,
              ],
            ],
            "className": "card-container",
          },
          "ref": null,
          "rendered": Array [
            Object {
              "instance": null,
              "key": undefined,
              "nodeType": "host",
              "props": Object {
                "children": <ul
                  className="robot-card__list even"
>
                  <li
                                    className="robot-card__list--list-item"
                  >
                                    Name:
                  </li>
                  <li
                                    className="robot-card__list--list-item"
                  >
                                    Height (feet):
                  </li>
                  <li
                                    className="robot-card__list--list-item"
                  >
                                    Weight (pounds):
                  </li>
                  <li
                                    className="robot-card__list--list-item"
                  >
                                    Intelligence (1 - 20):
                  </li>
                  <li
                                    className="robot-card__list--list-item"
                  >
                                    Date Added:
                  </li>
                  <li
                                    className="robot-card__list--list-item"
                  >
                                    First Active:
                  </li>
</ul>,
                "className": "robot-card",
              },
              "ref": null,
              "rendered": Object {
                "instance": null,
                "key": undefined,
                "nodeType": "host",
                "props": Object {
                  "children": Array [
                    <li
                      className="robot-card__list--list-item"
>
                      Name:
</li>,
                    <li
                      className="robot-card__list--list-item"
>
                      Height (feet):
</li>,
                    <li
                      className="robot-card__list--list-item"
>
                      Weight (pounds):
</li>,
                    <li
                      className="robot-card__list--list-item"
>
                      Intelligence (1 - 20):
</li>,
                    <li
                      className="robot-card__list--list-item"
>
                      Date Added:
</li>,
                    <li
                      className="robot-card__list--list-item"
>
                      First Active:
</li>,
                  ],
                  "className": "robot-card__list even",
                },
                "ref": null,
                "rendered": Array [
                  Object {
                    "instance": null,
                    "key": undefined,
                    "nodeType": "host",
                    "props": Object {
                      "children": "Name:",
                      "className": "robot-card__list--list-item",
                    },
                    "ref": null,
                    "rendered": "Name:",
                    "type": "li",
                  },
                  Object {
                    "instance": null,
                    "key": undefined,
                    "nodeType": "host",
                    "props": Object {
                      "children": "Height (feet):",
                      "className": "robot-card__list--list-item",
                    },
                    "ref": null,
                    "rendered": "Height (feet):",
                    "type": "li",
                  },
                  Object {
                    "instance": null,
                    "key": undefined,
                    "nodeType": "host",
                    "props": Object {
                      "children": "Weight (pounds):",
                      "className": "robot-card__list--list-item",
                    },
                    "ref": null,
                    "rendered": "Weight (pounds):",
                    "type": "li",
                  },
                  Object {
                    "instance": null,
                    "key": undefined,
                    "nodeType": "host",
                    "props": Object {
                      "children": "Intelligence (1 - 20):",
                      "className": "robot-card__list--list-item",
                    },
                    "ref": null,
                    "rendered": "Intelligence (1 - 20):",
                    "type": "li",
                  },
                  Object {
                    "instance": null,
                    "key": undefined,
                    "nodeType": "host",
                    "props": Object {
                      "children": "Date Added:",
                      "className": "robot-card__list--list-item",
                    },
                    "ref": null,
                    "rendered": "Date Added:",
                    "type": "li",
                  },
                  Object {
                    "instance": null,
                    "key": undefined,
                    "nodeType": "host",
                    "props": Object {
                      "children": "First Active:",
                      "className": "robot-card__list--list-item",
                    },
                    "ref": null,
                    "rendered": "First Active:",
                    "type": "li",
                  },
                ],
                "type": "ul",
              },
              "type": "article",
            },
            Object {
              "instance": null,
              "key": "1",
              "nodeType": "function",
              "props": Object {
                "classType": "",
                "removeRobot": [Function],
                "robot": Object {
                  "current_name": "R2-D2",
                  "date_added": "5/21/2018",
                  "first_active": "5/21/2018",
                  "height": 3.25,
                  "id": 1,
                  "intelligence_metric": 18,
                  "weight": 200,
                },
                "triggerForm": [Function],
              },
              "ref": null,
              "rendered": null,
              "type": [Function],
            },
            Object {
              "instance": null,
              "key": "2",
              "nodeType": "function",
              "props": Object {
                "classType": "even",
                "removeRobot": [Function],
                "robot": Object {
                  "current_name": "Bender",
                  "date_added": "5/20/2018",
                  "first_active": "5/20/2018",
                  "height": 6.1,
                  "id": 2,
                  "intelligence_metric": 14,
                  "weight": 250,
                },
                "triggerForm": [Function],
              },
              "ref": null,
              "rendered": null,
              "type": [Function],
            },
          ],
          "type": "div",
        },
      ],
      "type": "section",
    },
  ],
  Symbol(enzyme.__options__): Object {
    "adapter": ReactSixteenAdapter {
      "options": Object {
        "enableComponentDidUpdateOnSetState": true,
      },
    },
  },
}
`;
